// Jest Snapshot v1, https://goo.gl/fbAQLP

exports[`renders homepage unchanged 1`] = `
<div>
  <main>
    <h1>
      <em
        style="background: green; border-radius: 0.25rem; padding: 0.5rem;"
      >
        world
      </em>
       
      is the owner of
       
      <em
        style="background: green; border-radius: 0.25rem; padding: 0.5rem;"
      >
        hello
      </em>
    </h1>
    <p>
      Bio: 
      keep me healthy
    </p>
  </main>
</div>
`;
